[2026-08-26 22:45:00.100 UTC] [ICP-RUNTIME] Canister `settlement-engine` (ryjl3-tyaaa-aaaaa-aaaba-cai) initiated HTTPS Outcall cycle.
[2026-08-26 22:45:00.105 UTC] [SUBNET-BROADCAST] Target: https://api.frankfurter.dev/v1/latest?base=EUR | Method: GET | MaxBytes: 2048
[2026-08-26 22:45:00.120 UTC] [NODE-01] Subnet Replica `nl65-j42a-99` HTTP GET returned 200 OK (Content-Length: 1420 bytes, Latency: 38ms)
[2026-08-26 22:45:00.122 UTC] [NODE-02] Subnet Replica `pk91-l11b-34` HTTP GET returned 200 OK (Content-Length: 1420 bytes, Latency: 41ms)
[2026-08-26 22:45:00.124 UTC] [NODE-03] Subnet Replica `mz44-o88c-12` HTTP GET returned 200 OK (Content-Length: 1420 bytes, Latency: 39ms)
[2026-08-26 22:45:00.125 UTC] [NODE-04] Subnet Replica `qx22-v55d-78` HTTP GET returned 200 OK (Content-Length: 1420 bytes, Latency: 43ms)
[2026-08-26 22:45:00.126 UTC] [NODE-05] Subnet Replica `rt77-a90e-45` HTTP GET returned 200 OK (Content-Length: 1420 bytes, Latency: 40ms)
[2026-08-26 22:45:00.128 UTC] [NODE-06] Subnet Replica `uv33-c12f-67` HTTP GET returned 200 OK (Content-Length: 1420 bytes, Latency: 44ms)
[2026-08-26 22:45:00.130 UTC] [NODE-07] Subnet Replica `yb88-e34g-89` HTTP GET returned 200 OK (Content-Length: 1420 bytes, Latency: 37ms)
[2026-08-26 22:45:00.132 UTC] [NODE-08] Subnet Replica `gh55-g56h-23` HTTP GET returned 200 OK (Content-Length: 1420 bytes, Latency: 42ms)
[2026-08-26 22:45:00.134 UTC] [NODE-09] Subnet Replica `jk11-i78j-56` HTTP GET returned 200 OK (Content-Length: 1420 bytes, Latency: 45ms)
[2026-08-26 22:45:00.135 UTC] [NODE-10] Subnet Replica `lm99-k90l-01` HTTP GET returned 200 OK (Content-Length: 1420 bytes, Latency: 41ms)
[2026-08-26 22:45:00.136 UTC] [NODE-11] Subnet Replica `np44-m23n-34` HTTP GET returned 200 OK (Content-Length: 1420 bytes, Latency: 39ms)
[2026-08-26 22:45:00.138 UTC] [NODE-12] Subnet Replica `rs77-o45p-67` HTTP GET returned 200 OK (Content-Length: 1420 bytes, Latency: 40ms)
[2026-08-26 22:45:00.140 UTC] [NODE-13] Subnet Replica `tu22-q67r-89` HTTP GET returned 200 OK (Content-Length: 1420 bytes, Latency: 42ms)
[2026-08-26 22:45:00.142 UTC] [TRANSFORM-PIPELINE] Executing `strip_dynamic_headers()`: Filtered headers: [Date, Set-Cookie, Server, Age, X-Varnish]
[2026-08-26 22:45:00.145 UTC] [PAYLOAD-HASHING] Canonical JSON Body SHA-256: 0x91d4e08bf2c34d88e0114a8b7c9f560e2293b6e828198f12a3d4e5f6a7b8c9d0
[2026-08-26 22:45:00.148 UTC] [BFT-CONSENSUS] Subnet Consensus Reached: 13 of 13 replicas agreed (Quorum required: 10/13). Consensus status: FINALIZED.
[2026-08-26 22:45:00.150 UTC] [CYCLE-SETTLEMENT] Transferred 1,842,100 cycles to the System Subnet for HTTPS outcall execution.
[2026-08-26 22:45:00.152 UTC] [CANISTER-UPDATE] Committed rates to Stable Memory: EUR/USD=1.0850, EUR/CHF=0.9580, EUR/GBP=0.8540, EUR/JPY=162.45
[2026-08-26 22:45:00.155 UTC] [TERMINAL-BROADCAST] Pushed updated quotes to Frontend Workstations and Mobile/Tablet Clients.
